
> eduor-react@0.1.0 build
> react-scripts build

node.exe : 
(node:13720) 
[DEP0176] 
DeprecationWarning: 
fs.F_OK is 
deprecated, use 
fs.constants.F_OK 
instead
At line:1 char:1
+ & "C:\Program Files
\nodejs/node.exe" 
"C:\Program 
Files\nodejs/node_mo 
...
+ ~~~~~~~~~~~~~~~~~~~
~~~~~~~~~~~~~~~~~~~~~
~~~~~~~~~~~~~~~~~~~~~
~~~~~~~~
    + CategoryInfo   
           : NotSpe  
  cified: ((node:1   
 3720) [D...ts.F_    
OK instead:Strin    
g) [], RemoteExc    
eption
    + FullyQualified 
   ErrorId : Native  
  CommandError
 
(Use `node 
--trace-deprecation 
...` to show where 
the warning was 
created)
Creating an optimized production build...
Failed to compile.

Module not found: Error: Can't resolve './assets/images/all-img/logo.png' in 'D:\eduor-react\src'


